Add Component: Footprint Not Found CAP Ceramic/W300
Add Component: Footprint Not Found CAP/D80/H125/LS35
Added Component: Designator=C3(CP1/2)
Add component (AddParameter): Name = "Description 1"; Value = "10 => 220uF/6,3V/10V - 10uF => 100uF/16V"; VariantName = "[No Variations]"
Add component (AddParameter): Name = "Description 2"; Value = "0,1uF => 33uF/50V - 10uF => 22uF/63V"; VariantName = "[No Variations]"
Add component (AddParameter): Name = "Description 3"; Value = "0,47uF => 10uF/100V"; VariantName = "[No Variations]"
Add component (AddParameter): Name = "Value"; Value = "10uF/50V"; VariantName = "[No Variations]"
Added Component: Designator=C4(JP10-C1T)
Add component (AddParameter): Name = "ComponentLink1 Description"; Value = "Manufacturer"; VariantName = "[No Variations]"
Add component (AddParameter): Name = "ComponentLink1URL"; Value = "http://www.we-online.com"; VariantName = "[No Variations]"
Add component (AddParameter): Name = "ComponentLink2 Description"; Value = "Datasheet"; VariantName = "[No Variations]"
Add component (AddParameter): Name = "ComponentLink2URL"; Value = "http://katalog.we-online.de/em/datasheet/6130xx143121.pdf"; VariantName = "[No Variations]"
Add component (AddParameter): Name = "Created by"; Value = "Karrer Zheng"; VariantName = "[No Variations]"
Add component (AddParameter): Name = "Created Date"; Value = "29 March 2013"; VariantName = "[No Variations]"
Add component (AddParameter): Name = "Manufacturer"; Value = "W¨¹rth Elektronik eiSos GmbH"; VariantName = "[No Variations]"
Add component (AddParameter): Name = "NoPins"; Value = "10"; VariantName = "[No Variations]"
Add component (AddParameter): Name = "partNo"; Value = "613010143121"; VariantName = "[No Variations]"
Added Component: Designator=C5(JP10-C1T)
Add component (AddParameter): Name = "ComponentLink1 Description"; Value = "Manufacturer"; VariantName = "[No Variations]"
Add component (AddParameter): Name = "ComponentLink1URL"; Value = "http://www.we-online.com"; VariantName = "[No Variations]"
Add component (AddParameter): Name = "ComponentLink2 Description"; Value = "Datasheet"; VariantName = "[No Variations]"
Add component (AddParameter): Name = "ComponentLink2URL"; Value = "http://katalog.we-online.de/em/datasheet/6130xx143121.pdf"; VariantName = "[No Variations]"
Add component (AddParameter): Name = "Created by"; Value = "Karrer Zheng"; VariantName = "[No Variations]"
Add component (AddParameter): Name = "Created Date"; Value = "29 March 2013"; VariantName = "[No Variations]"
Add component (AddParameter): Name = "Manufacturer"; Value = "W¨¹rth Elektronik eiSos GmbH"; VariantName = "[No Variations]"
Add component (AddParameter): Name = "NoPins"; Value = "10"; VariantName = "[No Variations]"
Add component (AddParameter): Name = "partNo"; Value = "613010143121"; VariantName = "[No Variations]"
Added Component: Designator=C6(CP1/2)
Add component (AddParameter): Name = "Description 1"; Value = "10 => 220uF/6,3V/10V - 10uF => 100uF/16V"; VariantName = "[No Variations]"
Add component (AddParameter): Name = "Description 2"; Value = "0,1uF => 33uF/50V - 10uF => 22uF/63V"; VariantName = "[No Variations]"
Add component (AddParameter): Name = "Description 3"; Value = "0,47uF => 10uF/100V"; VariantName = "[No Variations]"
Add component (AddParameter): Name = "Value"; Value = "10uF/50V"; VariantName = "[No Variations]"
Add Component: Footprint Not Found CAP/D80/H125/LS35
Add Component: Footprint Not Found CAP/D80/H125/LS35
Add Component: Footprint Not Found CAP/D80/H125/LS35
Add Component: Footprint Not Found CAP/D80/H125/LS35
Add Component: Footprint Not Found CYL/D.400/LS.200
Add Component: Footprint Not Found CAP Ceramic/W300
Add Component: Footprint Not Found CYL/D.400/LS.200
Add Component: Footprint Not Found CAP Ceramic/W300
Add Component: Footprint Not Found DO-41
Added Component: Designator=LS1(Buzzer-12MM)
Add component (AddParameter): Name = "Availability"; Value = "Unavailable"; VariantName = "[No Variations]"
Add component (AddParameter): Name = "MF"; Value = ""; VariantName = "[No Variations]"
Add component (AddParameter): Name = "MP"; Value = "CST-951AP"; VariantName = "[No Variations]"
Add component (AddParameter): Name = "Package"; Value = "None"; VariantName = "[No Variations]"
Add component (AddParameter): Name = "Price"; Value = "None"; VariantName = "[No Variations]"
Add component (AddParameter): Name = "Value"; Value = ""; VariantName = "[No Variations]"
Added Component: Designator=MU1(MPU6050)
Add component (AddParameter): Name = "ComponentLink1 Description"; Value = "Manufacturer"; VariantName = "[No Variations]"
Add component (AddParameter): Name = "ComponentLink1URL"; Value = "http://www.we-online.com"; VariantName = "[No Variations]"
Add component (AddParameter): Name = "ComponentLink2 Description"; Value = "Datasheet"; VariantName = "[No Variations]"
Add component (AddParameter): Name = "ComponentLink2URL"; Value = "http://katalog.we-online.de/em/datasheet/6130xx143121.pdf"; VariantName = "[No Variations]"
Add component (AddParameter): Name = "Created by"; Value = "Karrer Zheng"; VariantName = "[No Variations]"
Add component (AddParameter): Name = "Created Date"; Value = "29 March 2013"; VariantName = "[No Variations]"
Add component (AddParameter): Name = "Manufacturer"; Value = "W¨¹rth Elektronik eiSos GmbH"; VariantName = "[No Variations]"
Add component (AddParameter): Name = "NoPins"; Value = "04"; VariantName = "[No Variations]"
Add component (AddParameter): Name = "partNo"; Value = "613004143121"; VariantName = "[No Variations]"
Added Component: Designator=P1(HDR/Header/4/BOX)
Add component (AddParameter): Name = "BRAND"; Value = ""; VariantName = "[No Variations]"
Add component (AddParameter): Name = "PACKAGE"; Value = ""; VariantName = "[No Variations]"
Add component (AddParameter): Name = "PART NO"; Value = ""; VariantName = "[No Variations]"
Add component (AddParameter): Name = "STOCK CODE"; Value = ""; VariantName = "[No Variations]"
Add component (AddParameter): Name = "SUPPLIER"; Value = ""; VariantName = "[No Variations]"
Add component (AddParameter): Name = "TYPE"; Value = ""; VariantName = "[No Variations]"
Added Component: Designator=P2(HDR/Header/5/BOX)
Add component (AddParameter): Name = "BRAND"; Value = ""; VariantName = "[No Variations]"
Add component (AddParameter): Name = "PACKAGE"; Value = ""; VariantName = "[No Variations]"
Add component (AddParameter): Name = "PART NO"; Value = ""; VariantName = "[No Variations]"
Add component (AddParameter): Name = "STOCK CODE"; Value = ""; VariantName = "[No Variations]"
Add component (AddParameter): Name = "SUPPLIER"; Value = ""; VariantName = "[No Variations]"
Add component (AddParameter): Name = "TYPE"; Value = ""; VariantName = "[No Variations]"
Added Component: Designator=P3(HDR/Terminal/2/5mm)
Add component (AddParameter): Name = "BRAND"; Value = ""; VariantName = "[No Variations]"
Add component (AddParameter): Name = "PACKAGE"; Value = ""; VariantName = "[No Variations]"
Add component (AddParameter): Name = "PART NO"; Value = ""; VariantName = "[No Variations]"
Add component (AddParameter): Name = "STOCK CODE"; Value = ""; VariantName = "[No Variations]"
Add component (AddParameter): Name = "SUPPLIER"; Value = ""; VariantName = "[No Variations]"
Add component (AddParameter): Name = "TYPE"; Value = ""; VariantName = "[No Variations]"
Added Component: Designator=P4(HDR/Terminal/2/5mm)
Add component (AddParameter): Name = "BRAND"; Value = ""; VariantName = "[No Variations]"
Add component (AddParameter): Name = "PACKAGE"; Value = ""; VariantName = "[No Variations]"
Add component (AddParameter): Name = "PART NO"; Value = ""; VariantName = "[No Variations]"
Add component (AddParameter): Name = "STOCK CODE"; Value = ""; VariantName = "[No Variations]"
Add component (AddParameter): Name = "SUPPLIER"; Value = ""; VariantName = "[No Variations]"
Add component (AddParameter): Name = "TYPE"; Value = ""; VariantName = "[No Variations]"
Added Component: Designator=P5(HDR/Terminal/2/5mm)
Add component (AddParameter): Name = "BRAND"; Value = ""; VariantName = "[No Variations]"
Add component (AddParameter): Name = "PACKAGE"; Value = ""; VariantName = "[No Variations]"
Add component (AddParameter): Name = "PART NO"; Value = ""; VariantName = "[No Variations]"
Add component (AddParameter): Name = "STOCK CODE"; Value = ""; VariantName = "[No Variations]"
Add component (AddParameter): Name = "SUPPLIER"; Value = ""; VariantName = "[No Variations]"
Add component (AddParameter): Name = "TYPE"; Value = ""; VariantName = "[No Variations]"
Added Component: Designator=P6(HDR/Header/4/BOX)
Add component (AddParameter): Name = "BRAND"; Value = ""; VariantName = "[No Variations]"
Add component (AddParameter): Name = "PACKAGE"; Value = ""; VariantName = "[No Variations]"
Add component (AddParameter): Name = "PART NO"; Value = ""; VariantName = "[No Variations]"
Add component (AddParameter): Name = "STOCK CODE"; Value = ""; VariantName = "[No Variations]"
Add component (AddParameter): Name = "SUPPLIER"; Value = ""; VariantName = "[No Variations]"
Add component (AddParameter): Name = "TYPE"; Value = ""; VariantName = "[No Variations]"
Added Component: Designator=P7(HDR/Header/4/BOX)
Add component (AddParameter): Name = "BRAND"; Value = ""; VariantName = "[No Variations]"
Add component (AddParameter): Name = "PACKAGE"; Value = ""; VariantName = "[No Variations]"
Add component (AddParameter): Name = "PART NO"; Value = ""; VariantName = "[No Variations]"
Add component (AddParameter): Name = "STOCK CODE"; Value = ""; VariantName = "[No Variations]"
Add component (AddParameter): Name = "SUPPLIER"; Value = ""; VariantName = "[No Variations]"
Add component (AddParameter): Name = "TYPE"; Value = ""; VariantName = "[No Variations]"
Added Component: Designator=P8(HDR/Terminal/2/5mm)
Add component (AddParameter): Name = "BRAND"; Value = ""; VariantName = "[No Variations]"
Add component (AddParameter): Name = "PACKAGE"; Value = ""; VariantName = "[No Variations]"
Add component (AddParameter): Name = "PART NO"; Value = ""; VariantName = "[No Variations]"
Add component (AddParameter): Name = "STOCK CODE"; Value = ""; VariantName = "[No Variations]"
Add component (AddParameter): Name = "SUPPLIER"; Value = ""; VariantName = "[No Variations]"
Add component (AddParameter): Name = "TYPE"; Value = ""; VariantName = "[No Variations]"
Add Component: Footprint Not Found R 1/4W/300
Add Component: Footprint Not Found R 1/4W/300
Add Component: Footprint Not Found R 1/4W/300
Add Component: Footprint Not Found R 1/4W/300
Add Component: Footprint Not Found R 1/4W/300
Add Component: Footprint Not Found R 1/4W/300
Added Component: Designator=U1(ESP32-DEVKIT-V1.0-38PIN)
Added Component: Designator=U2(TO-220)
Add component (AddParameter): Name = "BRAND"; Value = ""; VariantName = "[No Variations]"
Add component (AddParameter): Name = "PACKAGE"; Value = ""; VariantName = "[No Variations]"
Add component (AddParameter): Name = "PART NO"; Value = ""; VariantName = "[No Variations]"
Add component (AddParameter): Name = "STOCK CODE"; Value = ""; VariantName = "[No Variations]"
Add component (AddParameter): Name = "SUPPLIER"; Value = ""; VariantName = "[No Variations]"
Add component (AddParameter): Name = "TYPE"; Value = ""; VariantName = "[No Variations]"
Added Component: Designator=U3(A4988(driver))
Added Component: Designator=U4(A4988(driver))
Added Pin To Net: NetName=+5 Pin=C5-10
Added Pin To Net: NetName=+5 Pin=C6-1
Added Pin To Net: NetName=+5 Pin=P1-4
Added Pin To Net: NetName=+5 Pin=P2-1
Added Pin To Net: NetName=+5 Pin=U1-19
Added Pin To Net: NetName=+5 Pin=U2-3
Added Net: Name=+5
Added Pin To Net: NetName=+12 Pin=U2-1
Added Pin To Net: NetName=+12 Pin=U3-8
Added Pin To Net: NetName=+12 Pin=U4-8
Added Net: Name=+12
Added Pin To Net: NetName=1A_L Pin=P6-2
Added Pin To Net: NetName=1A_L Pin=U3-4
Added Net: Name=1A_L
Added Pin To Net: NetName=1A_R Pin=P7-2
Added Pin To Net: NetName=1A_R Pin=U4-4
Added Net: Name=1A_R
Added Pin To Net: NetName=1B_L Pin=P6-1
Added Pin To Net: NetName=1B_L Pin=U3-3
Added Net: Name=1B_L
Added Pin To Net: NetName=1B_R Pin=P7-1
Added Pin To Net: NetName=1B_R Pin=U4-3
Added Net: Name=1B_R
Added Pin To Net: NetName=2A_L Pin=P6-3
Added Pin To Net: NetName=2A_L Pin=U3-5
Added Net: Name=2A_L
Added Pin To Net: NetName=2A_R Pin=P7-3
Added Pin To Net: NetName=2A_R Pin=U4-5
Added Net: Name=2A_R
Added Pin To Net: NetName=2B_L Pin=P6-4
Added Pin To Net: NetName=2B_L Pin=U3-6
Added Net: Name=2B_L
Added Pin To Net: NetName=2B_R Pin=P7-4
Added Pin To Net: NetName=2B_R Pin=U4-6
Added Net: Name=2B_R
Added Pin To Net: NetName=3.3V Pin=C3-1
Added Pin To Net: NetName=3.3V Pin=C4-1
Added Pin To Net: NetName=3.3V Pin=MU1-1
Added Pin To Net: NetName=3.3V Pin=U1-1
Added Pin To Net: NetName=3.3V Pin=U3-2
Added Pin To Net: NetName=3.3V Pin=U3-10
Added Pin To Net: NetName=3.3V Pin=U3-11
Added Pin To Net: NetName=3.3V Pin=U3-12
Added Pin To Net: NetName=3.3V Pin=U3-13
Added Pin To Net: NetName=3.3V Pin=U3-14
Added Pin To Net: NetName=3.3V Pin=U4-2
Added Pin To Net: NetName=3.3V Pin=U4-10
Added Pin To Net: NetName=3.3V Pin=U4-11
Added Pin To Net: NetName=3.3V Pin=U4-12
Added Pin To Net: NetName=3.3V Pin=U4-13
Added Pin To Net: NetName=3.3V Pin=U4-14
Added Net: Name=3.3V
Added Pin To Net: NetName=Arm Pin=P4-1
Added Pin To Net: NetName=Arm Pin=U1-5
Added Net: Name=Arm
Added Pin To Net: NetName=BUZZ Pin=LS1-1
Added Pin To Net: NetName=BUZZ Pin=U1-15
Added Net: Name=BUZZ
Added Pin To Net: NetName=Calib Pin=P3-1
Added Pin To Net: NetName=Calib Pin=U1-3
Added Net: Name=Calib
Added Pin To Net: NetName=CLK_ESP Pin=C4-5
Added Pin To Net: NetName=CLK_ESP Pin=U1-30
Added Net: Name=CLK_ESP
Added Pin To Net: NetName=CLK Pin=C5-3
Added Pin To Net: NetName=CLK Pin=P2-5
Added Net: Name=CLK
Added Pin To Net: NetName=CS_ESP Pin=C4-6
Added Pin To Net: NetName=CS_ESP Pin=U1-29
Added Net: Name=CS_ESP
Added Pin To Net: NetName=CS Pin=C5-4
Added Pin To Net: NetName=CS Pin=P2-4
Added Net: Name=CS
Added Pin To Net: NetName=DIN_ESP Pin=C4-3
Added Pin To Net: NetName=DIN_ESP Pin=U1-37
Added Net: Name=DIN_ESP
Added Pin To Net: NetName=DIN Pin=C5-1
Added Pin To Net: NetName=DIN Pin=P2-3
Added Net: Name=DIN
Added Pin To Net: NetName=DIR_L Pin=U1-11
Added Pin To Net: NetName=DIR_L Pin=U3-16
Added Net: Name=DIR_L
Added Pin To Net: NetName=DIR_R Pin=U1-8
Added Pin To Net: NetName=DIR_R Pin=U4-16
Added Net: Name=DIR_R
Added Pin To Net: NetName=Echo_ESP Pin=C4-4
Added Pin To Net: NetName=Echo_ESP Pin=U1-31
Added Net: Name=Echo_ESP
Added Pin To Net: NetName=Echo Pin=C5-2
Added Pin To Net: NetName=Echo Pin=P1-2
Added Net: Name=Echo
Added Pin To Net: NetName=ENABLE Pin=U1-27
Added Pin To Net: NetName=ENABLE Pin=U3-9
Added Pin To Net: NetName=ENABLE Pin=U4-9
Added Net: Name=ENABLE
Added Pin To Net: NetName=GND Pin=C3-2
Added Pin To Net: NetName=GND Pin=C4-2
Added Pin To Net: NetName=GND Pin=C5-9
Added Pin To Net: NetName=GND Pin=C6-2
Added Pin To Net: NetName=GND Pin=LS1-2
Added Pin To Net: NetName=GND Pin=MU1-2
Added Pin To Net: NetName=GND Pin=MU1-2
Added Pin To Net: NetName=GND Pin=MU1-2
Added Pin To Net: NetName=GND Pin=P1-1
Added Pin To Net: NetName=GND Pin=P2-2
Added Pin To Net: NetName=GND Pin=P3-2
Added Pin To Net: NetName=GND Pin=P4-2
Added Pin To Net: NetName=GND Pin=P5-1
Added Pin To Net: NetName=GND Pin=P8-2
Added Pin To Net: NetName=GND Pin=U1-14
Added Pin To Net: NetName=GND Pin=U1-32
Added Pin To Net: NetName=GND Pin=U1-38
Added Pin To Net: NetName=GND Pin=U2-2
Added Pin To Net: NetName=GND Pin=U3-1
Added Pin To Net: NetName=GND Pin=U3-7
Added Pin To Net: NetName=GND Pin=U4-1
Added Pin To Net: NetName=GND Pin=U4-7
Added Net: Name=GND
Added Pin To Net: NetName=Mode Pin=P8-1
Added Pin To Net: NetName=Mode Pin=U1-4
Added Net: Name=Mode
Added Pin To Net: NetName=NetD1_1 Pin=P5-2
Added Net: Name=NetD1_1
Added Pin To Net: NetName=SCL Pin=MU1-3
Added Pin To Net: NetName=SCL Pin=U1-36
Added Net: Name=SCL
Added Pin To Net: NetName=SDA Pin=MU1-4
Added Pin To Net: NetName=SDA Pin=U1-33
Added Net: Name=SDA
Added Pin To Net: NetName=STEP_L Pin=U1-12
Added Pin To Net: NetName=STEP_L Pin=U3-15
Added Net: Name=STEP_L
Added Pin To Net: NetName=STEP_R Pin=U1-9
Added Pin To Net: NetName=STEP_R Pin=U4-15
Added Net: Name=STEP_R
Added Pin To Net: NetName=Trig_ESP Pin=C4-7
Added Pin To Net: NetName=Trig_ESP Pin=U1-28
Added Net: Name=Trig_ESP
Added Pin To Net: NetName=Trig Pin=C5-5
Added Pin To Net: NetName=Trig Pin=P1-3
Added Net: Name=Trig
Added Class: Name=SCHE_balancing_robot_v2
