Removed Pin From Net: NetName=3.3V Pin=C4-1
Removed Pin From Net: NetName=BUZZ Pin=LS1-1
Removed Pin From Net: NetName=GND Pin=LS1-2
Removed Pin From Net: NetName=GND Pin=R1-1
Removed Pin From Net: NetName=GND Pin=R2-2
Removed Pin From Net: NetName=BUZZ Pin=R6-1
Removed Pin From Net: NetName=BUZZ Pin=U5-HV2
Removed Pin From Net: NetName=3.3V Pin=U5-LV
Change Footprint: Footprint Not Found D5A
Change Component Comment : Designator=D1 Old Comment=1N4007 New Comment=1N5822
Change component parameters: Designator = "D1" ("D1"); Footprint = "DO-41"; UniqueID = "\MXTRVEKY" ("\MXTRVEKY")
Change component parameters (AddParameter): Name = "Value"; Value = "Diode c?m 1N5408"; VariantName = "[No Variations]"
Added Component: Designator=Q1(TO92)
Add component (AddParameter): Name = "Check_prices"; Value = "https://www.snapeda.com/parts/BS170/Onsemi/view-part/?ref=eda"; VariantName = "[No Variations]"
Add component (AddParameter): Name = "MF"; Value = "onsemi"; VariantName = "[No Variations]"
Add component (AddParameter): Name = "MP"; Value = "BS170"; VariantName = "[No Variations]"
Add component (AddParameter): Name = "Package"; Value = "TO-92-3 ON Semiconductor"; VariantName = "[No Variations]"
Add component (AddParameter): Name = "SnapEDA_Link"; Value = "https://www.snapeda.com/parts/BS170/Onsemi/view-part/?ref=snap"; VariantName = "[No Variations]"
Add component (AddParameter): Name = "Value"; Value = ""; VariantName = "[No Variations]"
Added Component: Designator=R7(R 1/4W/300)
Add component (AddParameter): Name = "BRAND"; Value = ""; VariantName = "[No Variations]"
Add component (AddParameter): Name = "PACKAGE"; Value = ""; VariantName = "[No Variations]"
Add component (AddParameter): Name = "PART NO"; Value = ""; VariantName = "[No Variations]"
Add component (AddParameter): Name = "STOCK CODE"; Value = ""; VariantName = "[No Variations]"
Add component (AddParameter): Name = "SUPPLIER"; Value = ""; VariantName = "[No Variations]"
Add component (AddParameter): Name = "TYPE"; Value = ""; VariantName = "[No Variations]"
Added Pin To Net: NetName=+5 Pin=LS1-1
Added Pin To Net: NetName=GND Pin=Q1-3
Added Pin To Net: NetName=3.3V Pin=R1-1
Added Pin To Net: NetName=3.3V Pin=R2-2
Added Pin To Net: NetName=BUZZ Pin=R7-1
Added Pin To Net: NetName=BUZZ Pin=U1-7
Added Pin To Net: NetName=NetC4_1 Pin=C4-1
Added Pin To Net: NetName=NetC4_1 Pin=U5-LV
Added Net: Name=NetC4_1
Added Pin To Net: NetName=NetLS1_2 Pin=LS1-2
Added Pin To Net: NetName=NetLS1_2 Pin=Q1-1
Added Net: Name=NetLS1_2
Added Pin To Net: NetName=NetQ1_2 Pin=Q1-2
Added Pin To Net: NetName=NetQ1_2 Pin=R6-1
Added Pin To Net: NetName=NetQ1_2 Pin=R7-2
Added Net: Name=NetQ1_2
Added Member To Class: ClassName=SCHE_balancing_robot_v2 Member=Component C10 100uF
Added Member To Class: ClassName=SCHE_balancing_robot_v2 Member=Component Q1 BS170
Added Member To Class: ClassName=SCHE_balancing_robot_v2 Member=Component R7 100
